// Jest Snapshot v1, https://goo.gl/fbAQLP

exports[`Search page should render correctly 1`] = `
<div>
  <main>
    <nav
      class="navbar navbar-expand navbar-light bg-light"
    >
      <div
        class="navbar-collapse collapse"
        id="basic-navbar-nav"
      >
        <div
          class="mr-auto navbar-nav"
        >
          <a
            class="nav-link"
            data-rb-event-key="/"
            href="/"
          >
            Home
          </a>
        </div>
      </div>
    </nav>
    <div
      class="container-fluid search-movie"
    >
      <div
        class="row d-flex align-items-center mt-4 mb-4"
      >
        <div
          class="col"
        >
          <h5>
            Searching
          </h5>
        </div>
        <div
          class="col d-flex justify-content-end"
        >
          <form
            class="form-inline"
          >
            <input
              class="form-control"
              type="text"
              value=""
            />
            <button
              class="btn btn-primary"
              data-testid="search-button"
            >
              Search
            </button>
          </form>
        </div>
      </div>
      <div
        class="row"
      />
    </div>
    <div
      class="container-fluid movie-app"
    >
      <div
        class="row d-flex mt-4 mb-4 ml-1"
      >
        <ul
          class="pagination"
        >
          <li
            class="page-item"
          >
            <a
              class="page-link"
              data-testid="first-page-button"
              href="#"
              role="button"
            >
              <span
                aria-hidden="true"
              >
                «
              </span>
              <span
                class="sr-only"
              >
                First
              </span>
            </a>
          </li>
          <li
            class="page-item"
          >
            <a
              class="page-link"
              data-testid="button-prev-page"
              href="#"
              role="button"
            >
              <span
                aria-hidden="true"
              >
                ‹
              </span>
              <span
                class="sr-only"
              >
                Previous
              </span>
            </a>
          </li>
          <li
            class="page-item"
          >
            <a
              class="page-link"
              data-testid="button-page-2"
              href="#"
              role="button"
            >
              2
            </a>
          </li>
          <li
            class="page-item active"
          >
            <span
              class="page-link"
              data-testid="button-page-3"
            >
              3
              <span
                class="sr-only"
              >
                (current)
              </span>
            </span>
          </li>
          <li
            class="page-item"
          >
            <a
              class="page-link"
              data-testid="button-page-4"
              href="#"
              role="button"
            >
              4
            </a>
          </li>
          <li
            class="page-item"
          >
            <a
              class="page-link"
              data-testid="button-next-page"
              href="#"
              role="button"
            >
              <span
                aria-hidden="true"
              >
                ›
              </span>
              <span
                class="sr-only"
              >
                Next
              </span>
            </a>
          </li>
          <li
            class="page-item"
          >
            <a
              class="page-link"
              data-testid="button-last-page"
              href="#"
              role="button"
            >
              <span
                aria-hidden="true"
              >
                »
              </span>
              <span
                class="sr-only"
              >
                Last
              </span>
            </a>
          </li>
        </ul>
        <form
          class=""
        >
          <div
            class="col"
          >
            <select
              class="form-control"
            >
              <option
                value="1"
              >
                1
              </option>
              <option
                value="2"
              >
                2
              </option>
              <option
                value="3"
              >
                3
              </option>
              <option
                value="4"
              >
                4
              </option>
              <option
                value="5"
              >
                5
              </option>
              <option
                value="6"
              >
                6
              </option>
              <option
                value="7"
              >
                7
              </option>
              <option
                value="8"
              >
                8
              </option>
              <option
                value="9"
              >
                9
              </option>
              <option
                value="10"
              >
                10
              </option>
            </select>
          </div>
        </form>
      </div>
    </div>
  </main>
</div>
`;
